// Jest Snapshot v1, https://goo.gl/fbAQLP

exports[`FillArray fill array with empty string 1`] = `
Array [
  "",
  "",
  "",
  "",
  "",
  "",
  "",
  "",
  "",
  "",
]
`;

exports[`FillArray fill array with zeroes 1`] = `
Array [
  0,
  0,
  0,
  0,
  0,
  0,
  0,
  0,
  0,
  0,
]
`;
